.next/dev/types/validator.ts(234,31): error TS2344: Type 'typeof import("C:/Users/nisha/OneDrive/Desktop/clientflow/src/app/api/admin/clients/[id]/route")' does not satisfy the constraint 'RouteHandlerConfig<"/api/admin/clients/[id]">'.
  Types of property 'PATCH' are incompatible.
    Type '(request: NextRequest, { params }: { params: { id: string; }; }) => Promise<NextResponse<{ error: string; }> | NextResponse<{ id: string; email: string | null; name: string; createdAt: Date; ... 4 more ...; isArchived: boolean; }>>' is not assignable to type '(request: NextRequest, context: { params: Promise<{ id: string; }>; }) => void | Response | Promise<void | Response>'.
      Types of parameters '__1' and 'context' are incompatible.
        Type '{ params: Promise<{ id: string; }>; }' is not assignable to type '{ params: { id: string; }; }'.
          Types of property 'params' are incompatible.
            Property 'id' is missing in type 'Promise<{ id: string; }>' but required in type '{ id: string; }'.
